// Jest Snapshot v1, https://goo.gl/fbAQLP

exports[`Home renders correctly 1`] = `
Object {
  "asFragment": [Function],
  "baseElement": <body>
    <div>
      <h2>
        Welcome to our page
      </h2>
      <p>
        Lorem ipsum, dolor sit amet consectetur adipisicing elit. Quas magni ab expedita natus dolor architecto, ducimus reiciendis voluptate consequatur cumque, maiores iusto temporibus, tempora reprehenderit autem. Officia culpa eligendi cumque.
      </p>
      <p>
        Lorem ipsum, dolor sit amet consectetur adipisicing elit. Quas magni ab expedita natus dolor architecto, ducimus reiciendis voluptate consequatur cumque, maiores iusto temporibus, tempora reprehenderit autem. Officia culpa eligendi cumque.
      </p>
    </div>
  </body>,
  "container": <div>
    <h2>
      Welcome to our page
    </h2>
    <p>
      Lorem ipsum, dolor sit amet consectetur adipisicing elit. Quas magni ab expedita natus dolor architecto, ducimus reiciendis voluptate consequatur cumque, maiores iusto temporibus, tempora reprehenderit autem. Officia culpa eligendi cumque.
    </p>
    <p>
      Lorem ipsum, dolor sit amet consectetur adipisicing elit. Quas magni ab expedita natus dolor architecto, ducimus reiciendis voluptate consequatur cumque, maiores iusto temporibus, tempora reprehenderit autem. Officia culpa eligendi cumque.
    </p>
  </div>,
  "debug": [Function],
  "findAllByAltText": [Function],
  "findAllByDisplayValue": [Function],
  "findAllByLabelText": [Function],
  "findAllByPlaceholderText": [Function],
  "findAllByRole": [Function],
  "findAllByTestId": [Function],
  "findAllByText": [Function],
  "findAllByTitle": [Function],
  "findByAltText": [Function],
  "findByDisplayValue": [Function],
  "findByLabelText": [Function],
  "findByPlaceholderText": [Function],
  "findByRole": [Function],
  "findByTestId": [Function],
  "findByText": [Function],
  "findByTitle": [Function],
  "getAllByAltText": [Function],
  "getAllByDisplayValue": [Function],
  "getAllByLabelText": [Function],
  "getAllByPlaceholderText": [Function],
  "getAllByRole": [Function],
  "getAllByTestId": [Function],
  "getAllByText": [Function],
  "getAllByTitle": [Function],
  "getByAltText": [Function],
  "getByDisplayValue": [Function],
  "getByLabelText": [Function],
  "getByPlaceholderText": [Function],
  "getByRole": [Function],
  "getByTestId": [Function],
  "getByText": [Function],
  "getByTitle": [Function],
  "queryAllByAltText": [Function],
  "queryAllByDisplayValue": [Function],
  "queryAllByLabelText": [Function],
  "queryAllByPlaceholderText": [Function],
  "queryAllByRole": [Function],
  "queryAllByTestId": [Function],
  "queryAllByText": [Function],
  "queryAllByTitle": [Function],
  "queryByAltText": [Function],
  "queryByDisplayValue": [Function],
  "queryByLabelText": [Function],
  "queryByPlaceholderText": [Function],
  "queryByRole": [Function],
  "queryByTestId": [Function],
  "queryByText": [Function],
  "queryByTitle": [Function],
  "rerender": [Function],
  "unmount": [Function],
}
`;
